.\.venv-anomalyclip\Scripts\python.exe : D:\STUDY\My_github\sci_project\.venv-anomalyclip\lib\site-packages\scipy\__ini
t__.py:155: UserWarning: A NumPy version >=1.18.5 and <1.25.0 is required for this version of SciPy (detected version 1
.26.4
At line:15 char:2553
+ ... lyContinue; .\.venv-anomalyclip\Scripts\python.exe -u scripts\prereg_ ...
+                 ~~~~~~~~~~~~~~~~~~~~~~~~~~~~~~~~~~~~~~~~~~~~~~~~~~~~~~~~~
    + CategoryInfo          : NotSpecified: (D:\STUDY\My_git... version 1.26.4:String) [], RemoteException
    + FullyQualifiedErrorId : NativeCommandError
 
  warnings.warn(f"A NumPy version >={np_minversion} and <{np_maxversion}"
[A04] mpdd/bracket_black s0k1: 12 readings (7s)
[A04] mpdd/bracket_brown s0k1: 12 readings (14s)
[A04] mpdd/bracket_white s0k1: 12 readings (19s)
[A04] mpdd/connector s0k1: 12 readings (24s)
[A04] mpdd/metal_plate s0k1: 12 readings (44s)
[A04] mpdd/tubes s0k1: 12 readings (54s)
[A04] mpdd/bracket_black s0k4: 12 readings (61s)
[A04] mpdd/bracket_brown s0k4: 12 readings (68s)
[A04] mpdd/bracket_white s0k4: 12 readings (74s)
[A04] mpdd/connector s0k4: 12 readings (78s)
[A04] mpdd/metal_plate s0k4: 12 readings (97s)
[A04] mpdd/tubes s0k4: 12 readings (107s)
[A04] mpdd/bracket_black s1k1: 12 readings (113s)
[A04] mpdd/bracket_brown s1k1: 12 readings (120s)
[A04] mpdd/bracket_white s1k1: 12 readings (125s)
[A04] mpdd/connector s1k1: 12 readings (129s)
[A04] mpdd/metal_plate s1k1: 12 readings (149s)
[A04] mpdd/tubes s1k1: 12 readings (158s)
[A04] mpdd/bracket_black s1k4: 12 readings (164s)
[A04] mpdd/bracket_brown s1k4: 12 readings (171s)
[A04] mpdd/bracket_white s1k4: 12 readings (176s)
[A04] mpdd/connector s1k4: 12 readings (180s)
[A04] mpdd/metal_plate s1k4: 12 readings (200s)
[A04] mpdd/tubes s1k4: 12 readings (209s)
[A04] btad/01 s0k1: 12 readings (217s)
[A04] btad/02 s0k1: 12 readings (248s)
[A04] btad/03 s0k1: 12 readings (287s)
[A04] btad/01 s0k4: 12 readings (295s)
[A04] btad/02 s0k4: 12 readings (326s)
[A04] btad/03 s0k4: 12 readings (365s)
[A04] btad/01 s1k1: 12 readings (373s)
[A04] btad/02 s1k1: 12 readings (404s)
[A04] btad/03 s1k1: 12 readings (443s)
[A04] btad/01 s1k4: 12 readings (450s)
[A04] btad/02 s1k4: 12 readings (482s)
[A04] btad/03 s1k4: 12 readings (520s)
[A04] wrote D:\STUDY\My_github\reference-matching-interaction-ad\experiments\prereg_20260924\out\A04: 432 readings, 64 stability rows (520s)
{
 "cross_config": [
  {
   "dataset": "mpdd",
   "seed": 0,
   "shot": 1,
   "perturbation": "input_geometry (common_region - native_frame)",
   "n_configs": 6,
   "n_configs_with_defined_interval": 6,
   "n_configs_point_positive": 4,
   "n_configs_interval_excludes_zero_95": 3,
   "all_configs_same_direction": false,
   "configs_same_direction_as_dataset_mean": 4,
   "mean_of_config_bootstrap_deltas": 0.017422015494845604,
   "config_deltas": "{\"controlled_A1_J\": 0.03148486930880009, \"controlled_A1_L\": 0.028343823257871693, \"PatchCore_native_local128\": -0.000575346052402312, \"PatchCore_native_official224\": -0.0012434626506784311, \"anomalydino_canvas\": 0.02515082914063932, \"anomalydino_canvas_rotation\": 0.02137137996484327}",
   "undecided_configs": "[]",
   "note": "a direction statement, not a ranking: no configuration is ordered and no cross-configuration significance test is run"
  },
  {
   "dataset": "mpdd",
   "seed": 0,
   "shot": 4,
   "perturbation": "input_geometry (common_region - native_frame)",
   "n_configs": 6,
   "n_configs_with_defined_interval": 6,
   "n_configs_point_positive": 4,
   "n_configs_interval_excludes_zero_95": 4,
   "all_configs_same_direction": false,
   "configs_same_direction_as_dataset_mean": 4,
   "mean_of_config_bootstrap_deltas": 0.022503873652831418,
   "config_deltas": "{\"controlled_A1_J\": 0.044472863899089436, \"controlled_A1_L\": 0.038966520805391994, \"PatchCore_native_local128\": -4.336837787307877e-05, \"PatchCore_native_official224\": -0.003254183063989416, \"anomalydino_canvas\": 0.02445459277828436, \"anomalydino_canvas_rotation\": 0.030426815876085204}",
   "undecided_configs": "[]",
   "note": "a direction statement, not a ranking: no configuration is ordered and no cross-configuration significance test is run"
  },
  {
   "dataset": "mpdd",
   "seed": 1,
   "shot": 1,
   "perturbation": "input_geometry (common_region - native_frame)",
   "n_configs": 6,
   "n_configs_with_defined_interval": 6,
   "n_configs_point_positive": 4,
   "n_configs_interval_excludes_zero_95": 4,
   "all_configs_same_direction": false,
   "configs_same_direction_as_dataset_mean": 4,
   "mean_of_config_bootstrap_deltas": 0.02046535773954798,
   "config_deltas": "{\"controlled_A1_J\": 0.026280306434709248, \"controlled_A1_L\": 0.029511407422369584, \"PatchCore_native_local128\": -0.0021515190689245503, \"PatchCore_native_official224\": -0.0016524336584603735, \"anomalydino_canvas\": 0.03756545763815916, \"anomalydino_canvas_rotation\": 0.033238927669434794}",
   "undecided_configs": "[]",
   "note": "a direction statement, not a ranking: no configuration is ordered and no cross-configuration significance test is run"
  },
  {
   "dataset": "mpdd",
   "seed": 1,
   "shot": 4,
   "perturbation": "input_geometry (common_region - native_frame)",
   "n_configs": 6,
   "n_configs_with_defined_interval": 6,
   "n_configs_point_positive": 5,
   "n_configs_interval_excludes_zero_95": 3,
   "all_configs_same_direction": false,
   "configs_same_direction_as_dataset_mean": 5,
   "mean_of_config_bootstrap_deltas": 0.023450525503676146,
   "config_deltas": "{\"controlled_A1_J\": 0.039483998253767465, \"controlled_A1_L\": 0.031667816601745814, \"PatchCore_native_local128\": 0.0016246006196930403, \"PatchCore_native_official224\": -0.0019630051502085204, \"anomalydino_canvas\": 0.03800891674378635, \"anomalydino_canvas_rotation\": 0.031880825953272754}",
   "undecided_configs": "[]",
   "note": "a direction statement, not a ranking: no configuration is ordered and no cross-configuration significance test is run"
  },
  {
   "dataset": "btad",
   "seed": 0,
   "shot": 1,
   "perturbation": "input_geometry (common_region - native_frame)",
   "n_configs": 6,
   "n_configs_with_defined_interval": 6,
   "n_configs_point_positive": 5,
   "n_configs_interval_excludes_zero_95": 4,
   "all_configs_same_direction": false,
   "configs_same_direction_as_dataset_mean": 5,
   "mean_of_config_bootstrap_deltas": 0.034495319447306,
   "config_deltas": "{\"controlled_A1_J\": 0.05009384508584361, \"controlled_A1_L\": 0.048529450645984594, \"PatchCore_native_local128\": 0.0004241971202534123, \"PatchCore_native_official224\": -0.0030546661044463974, \"anomalydino_canvas\": 0.06068182837883202, \"anomalydino_canvas_rotation\": 0.050297261557368786}",
   "undecided_configs": "[]",
   "note": "a direction statement, not a ranking: no configuration is ordered and no cross-configuration significance test is run"
  },
  {
   "dataset": "btad",
   "seed": 0,
   "shot": 4,
   "perturbation": "input_geometry (common_region - native_frame)",
   "n_configs": 6,
   "n_configs_with_defined_interval": 6,
   "n_configs_point_positive": 4,
   "n_configs_interval_excludes_zero_95": 4,
   "all_configs_same_direction": false,
   "configs_same_direction_as_dataset_mean": 4,
   "mean_of_config_bootstrap_deltas": 0.028948420818684154,
   "config_deltas": "{\"controlled_A1_J\": 0.04765229083876366, \"controlled_A1_L\": 0.04624789574598159, \"PatchCore_native_local128\": -0.0037835640165737273, \"PatchCore_native_official224\": -0.003901215997583415, \"anomalydino_canvas\": 0.04587003262493622, \"anomalydino_canvas_rotation\": 0.04160508571658062}",
   "undecided_configs": "[]",
   "note": "a direction statement, not a ranking: no configuration is ordered and no cross-configuration significance test is run"
  },
  {
   "dataset": "btad",
   "seed": 1,
   "shot": 1,
   "perturbation": "input_geometry (common_region - native_frame)",
   "n_configs": 6,
   "n_configs_with_defined_interval": 6,
   "n_configs_point_positive": 5,
   "n_configs_interval_excludes_zero_95": 4,
   "all_configs_same_direction": false,
   "configs_same_direction_as_dataset_mean": 5,
   "mean_of_config_bootstrap_deltas": 0.03625325956978007,
   "config_deltas": "{\"controlled_A1_J\": 0.04981287159381427, \"controlled_A1_L\": 0.048864846559976444, \"PatchCore_native_local128\": 0.0043220353194024855, \"PatchCore_native_official224\": -0.002111213462516319, \"anomalydino_canvas\": 0.06186148417454993, \"anomalydino_canvas_rotation\": 0.05476953323345363}",
   "undecided_configs": "[]",
   "note": "a direction statement, not a ranking: no configuration is ordered and no cross-configuration significance test is run"
  },
  {
   "dataset": "btad",
   "seed": 1,
   "shot": 4,
   "perturbation": "input_geometry (common_region - native_frame)",
   "n_configs": 6,
   "n_configs_with_defined_interval": 6,
   "n_configs_point_positive": 4,
   "n_configs_interval_excludes_zero_95": 4,
   "all_configs_same_direction": false,
   "configs_same_direction_as_dataset_mean": 4,
   "mean_of_config_bootstrap_deltas": 0.031686418580568955,
   "config_deltas": "{\"controlled_A1_J\": 0.04770440284482822, \"controlled_A1_L\": 0.046486951906731994, \"PatchCore_native_local128\": -0.0019680958265785786, \"PatchCore_native_official224\": -0.003852497476558906, \"anomalydino_canvas\": 0.05431861181895844, \"anomalydino_canvas_rotation\": 0.047429138216032576}",
   "undecided_configs": "[]",
   "note": "a direction statement, not a ranking: no configuration is ordered and no cross-configuration significance test is run"
  }
 ],
 "parity_common_region": {
  "rows": 216,
  "max": 0.0,
  "pass": true
 },
 "native_frame_diagnostic_max": 0.06970828456509276
}
