[E1:stride1] mpdd s0 K1 bracket_black: start (0s)
[E1:stride1] mpdd s0 K1 bracket_brown: start (22s)
[E1:stride1] mpdd s0 K1 bracket_white: start (75s)
[E1:stride1] mpdd s0 K1 connector: start (87s)
[E1:stride1] mpdd s0 K1 metal_plate: start (119s)
[E1:stride1] mpdd s0 K1 tubes: start (1353s)
[E1:stride1] mpdd s0 K1: 13 methods (1460s)
[E1:stride1] mpdd s0 K2 bracket_black: start (1460s)
[E1:stride1] mpdd s0 K2 bracket_brown: start (1481s)
[E1:stride1] mpdd s0 K2 bracket_white: start (1533s)
[E1:stride1] mpdd s0 K2 connector: start (1545s)
[E1:stride1] mpdd s0 K2 metal_plate: start (1576s)
[E1:stride1] mpdd s0 K2 tubes: start (2817s)
[E1:stride1] mpdd s0 K2: 13 methods (2922s)
[E1:stride1] mpdd s0 K4 bracket_black: start (2922s)
[E1:stride1] mpdd s0 K4 bracket_brown: start (2942s)
[E1:stride1] mpdd s0 K4 bracket_white: start (2994s)
[E1:stride1] mpdd s0 K4 connector: start (3005s)
[E1:stride1] mpdd s0 K4 metal_plate: start (3037s)
[E1:stride1] mpdd s0 K4 tubes: start (4240s)
[E1:stride1] mpdd s0 K4: 13 methods (4344s)
[E1:stride1] mpdd s0 K8 bracket_black: start (4344s)
[E1:stride1] mpdd s0 K8 bracket_brown: start (4364s)
[E1:stride1] mpdd s0 K8 bracket_white: start (4415s)
[E1:stride1] mpdd s0 K8 connector: start (4426s)
[E1:stride1] mpdd s0 K8 metal_plate: start (4456s)
[E1:stride1] mpdd s0 K8 tubes: start (5817s)
[E1:stride1] mpdd s0 K8: 13 methods (5943s)
[E1:stride1] mpdd s1 K1 bracket_black: start (5943s)
[E1:stride1] mpdd s1 K1 bracket_brown: start (5965s)
[E1:stride1] mpdd s1 K1 bracket_white: start (6041s)
[E1:stride1] mpdd s1 K1 connector: start (6058s)
[E1:stride1] mpdd s1 K1 metal_plate: start (6100s)
