[E1:stride1] shard 2/3: 7 of 20 units; final products are assembled afterwards by one ordinary --resume run (no --shard)
[E1:stride1] mpdd_s0_k2: already complete, skipped (1/7, wall 0s)
[E1:stride1] mpdd_s1_k1: resuming, categories already done: ['bracket_black', 'bracket_brown', 'bracket_white', 'connector']
[E1:stride1] mpdd s1 K1 metal_plate: start (0s)
[E1:stride1] mpdd s1 K1 metal_plate: checkpointed (1818s)
[E1:stride1] mpdd s1 K1 tubes: start (1818s)
[E1:stride1] mpdd s1 K1 tubes: checkpointed (1963s)
[E1:stride1] mpdd s1 K1: 13 methods (1963s)
[E1:stride1] unit 2/7 done: mpdd_s1_k1 unit_ts=1963s wall=1963s
[E1:stride1] mpdd s1 K8 bracket_black: start (1963s)
[E1:stride1] mpdd s1 K8 bracket_black: checkpointed (1990s)
[E1:stride1] mpdd s1 K8 bracket_brown: start (1990s)
[E1:stride1] mpdd s1 K8 bracket_brown: checkpointed (2056s)
[E1:stride1] mpdd s1 K8 bracket_white: start (2056s)
[E1:stride1] mpdd s1 K8 bracket_white: checkpointed (2070s)
[E1:stride1] mpdd s1 K8 connector: start (2070s)
[E1:stride1] mpdd s1 K8 connector: checkpointed (2108s)
[E1:stride1] mpdd s1 K8 metal_plate: start (2108s)
[E1:stride1] mpdd s1 K8 metal_plate: checkpointed (3530s)
[E1:stride1] mpdd s1 K8 tubes: start (3530s)
[E1:stride1] mpdd s1 K8 tubes: checkpointed (3653s)
[E1:stride1] mpdd s1 K8: 13 methods (3653s)
[E1:stride1] unit 3/7 done: mpdd_s1_k8 unit_ts=1689s wall=3653s
[E1:stride1] mpdd s2 K4 bracket_black: start (3653s)
[E1:stride1] mpdd s2 K4 bracket_black: checkpointed (3675s)
[E1:stride1] mpdd s2 K4 bracket_brown: start (3675s)
[E1:stride1] mpdd s2 K4 bracket_brown: checkpointed (3732s)
[E1:stride1] mpdd s2 K4 bracket_white: start (3732s)
[E1:stride1] mpdd s2 K4 bracket_white: checkpointed (3745s)
[E1:stride1] mpdd s2 K4 connector: start (3745s)
[E1:stride1] mpdd s2 K4 connector: checkpointed (3780s)
[E1:stride1] mpdd s2 K4 metal_plate: start (3780s)
[E1:stride1] mpdd s2 K4 metal_plate: checkpointed (5189s)
[E1:stride1] mpdd s2 K4 tubes: start (5190s)
[E1:stride1] mpdd s2 K4 tubes: checkpointed (5313s)
[E1:stride1] mpdd s2 K4: 13 methods (5313s)
[E1:stride1] unit 4/7 done: mpdd_s2_k4 unit_ts=1660s wall=5313s
[E1:stride1] btad s0 K2 01: start (5313s)
[E1:stride1] btad s0 K2 01: checkpointed (5594s)
[E1:stride1] btad s0 K2 02: start (5594s)
[E1:stride1] btad s0 K2 02: checkpointed (7625s)
[E1:stride1] btad s0 K2 03: start (7625s)
[E1:stride1] btad s0 K2 03: checkpointed (8040s)
[E1:stride1] btad s0 K2: 13 methods (8040s)
[E1:stride1] unit 5/7 done: btad_s0_k2 unit_ts=2727s wall=8040s
[E1:stride1] btad s1 K1 01: start (8040s)
[E1:stride1] btad s1 K1 01: checkpointed (8358s)
[E1:stride1] btad s1 K1 02: start (8358s)
