[E1:stride1] shard 3/6: 3 of 20 units; final products are assembled afterwards by one ordinary --resume run (no --shard)
[E1:stride1] mpdd_s0_k4: already complete, skipped (1/3, wall 0s)
[E1:stride1] mpdd s2 K1 bracket_black: start (0s)
[E1:stride1] mpdd s2 K1 bracket_black: checkpointed (30s)
[E1:stride1] mpdd s2 K1 bracket_brown: start (30s)
[E1:stride1] mpdd s2 K1 bracket_brown: checkpointed (108s)
[E1:stride1] mpdd s2 K1 bracket_white: start (108s)
[E1:stride1] mpdd s2 K1 bracket_white: checkpointed (125s)
[E1:stride1] mpdd s2 K1 connector: start (125s)
[E1:stride1] mpdd s2 K1 connector: checkpointed (168s)
[E1:stride1] mpdd s2 K1 metal_plate: start (168s)
[E1:stride1] mpdd s2 K1 metal_plate: checkpointed (2272s)
[E1:stride1] mpdd s2 K1 tubes: start (2272s)
[E1:stride1] mpdd s2 K1 tubes: checkpointed (2450s)
[E1:stride1] mpdd s2 K1: 13 methods (2450s)
[E1:stride1] unit 2/3 done: mpdd_s2_k1 unit_ts=2450s wall=2450s
[E1:stride1] btad s0 K4 01: start (2450s)
[E1:stride1] btad s0 K4 01: checkpointed (2857s)
[E1:stride1] btad s0 K4 02: start (2857s)
[E1:stride1] btad s0 K4 02: checkpointed (4846s)
[E1:stride1] btad s0 K4 03: start (4846s)
[E1:stride1] btad s0 K4 03: checkpointed (5207s)
[E1:stride1] btad s0 K4: 13 methods (5207s)
[E1:stride1] unit 3/3 done: btad_s0_k4 unit_ts=2757s wall=5207s
[E1:stride1] shard 3/6: done, no final products written here (5207s)
