[E1:stride1] shard 1/3: 7 of 20 units; final products are assembled afterwards by one ordinary --resume run (no --shard)
[E1:stride1] mpdd_s0_k1: already complete, skipped (1/7, wall 0s)
[E1:stride1] mpdd_s0_k8: resuming, categories already done: ['bracket_black', 'bracket_brown', 'bracket_white', 'connector']
[E1:stride1] mpdd s0 K8 metal_plate: start (0s)
[E1:stride1] mpdd s0 K8 metal_plate: checkpointed (1846s)
[E1:stride1] mpdd s0 K8 tubes: start (1846s)
[E1:stride1] mpdd s0 K8 tubes: checkpointed (1989s)
[E1:stride1] mpdd s0 K8: 13 methods (1989s)
[E1:stride1] unit 2/7 done: mpdd_s0_k8 unit_ts=1989s wall=1989s
[E1:stride1] mpdd s1 K4 bracket_black: start (1989s)
[E1:stride1] mpdd s1 K4 bracket_black: checkpointed (2015s)
[E1:stride1] mpdd s1 K4 bracket_brown: start (2015s)
[E1:stride1] mpdd s1 K4 bracket_brown: checkpointed (2083s)
[E1:stride1] mpdd s1 K4 bracket_white: start (2083s)
[E1:stride1] mpdd s1 K4 bracket_white: checkpointed (2097s)
[E1:stride1] mpdd s1 K4 connector: start (2097s)
[E1:stride1] mpdd s1 K4 connector: checkpointed (2137s)
[E1:stride1] mpdd s1 K4 metal_plate: start (2137s)
[E1:stride1] mpdd s1 K4 metal_plate: checkpointed (3596s)
[E1:stride1] mpdd s1 K4 tubes: start (3596s)
[E1:stride1] mpdd s1 K4 tubes: checkpointed (3719s)
[E1:stride1] mpdd s1 K4: 13 methods (3719s)
[E1:stride1] unit 3/7 done: mpdd_s1_k4 unit_ts=1730s wall=3719s
[E1:stride1] mpdd s2 K2 bracket_black: start (3719s)
[E1:stride1] mpdd s2 K2 bracket_black: checkpointed (3742s)
[E1:stride1] mpdd s2 K2 bracket_brown: start (3742s)
[E1:stride1] mpdd s2 K2 bracket_brown: checkpointed (3800s)
[E1:stride1] mpdd s2 K2 bracket_white: start (3800s)
[E1:stride1] mpdd s2 K2 bracket_white: checkpointed (3812s)
[E1:stride1] mpdd s2 K2 connector: start (3812s)
[E1:stride1] mpdd s2 K2 connector: checkpointed (3847s)
[E1:stride1] mpdd s2 K2 metal_plate: start (3847s)
[E1:stride1] mpdd s2 K2 metal_plate: checkpointed (5254s)
[E1:stride1] mpdd s2 K2 tubes: start (5254s)
[E1:stride1] mpdd s2 K2 tubes: checkpointed (5378s)
[E1:stride1] mpdd s2 K2: 13 methods (5378s)
[E1:stride1] unit 4/7 done: mpdd_s2_k2 unit_ts=1659s wall=5378s
[E1:stride1] btad s0 K1 01: start (5378s)
[E1:stride1] btad s0 K1 01: checkpointed (5659s)
[E1:stride1] btad s0 K1 02: start (5659s)
[E1:stride1] btad s0 K1 02: checkpointed (7669s)
[E1:stride1] btad s0 K1 03: start (7670s)
[E1:stride1] btad s0 K1 03: checkpointed (8080s)
[E1:stride1] btad s0 K1: 13 methods (8080s)
[E1:stride1] unit 5/7 done: btad_s0_k1 unit_ts=2702s wall=8080s
[E1:stride1] btad s0 K8 01: start (8080s)
[E1:stride1] btad s0 K8 01: checkpointed (8387s)
[E1:stride1] btad s0 K8 02: start (8387s)
