[E1:stride1] shard 6/6: 3 of 20 units; final products are assembled afterwards by one ordinary --resume run (no --shard)
[E1:stride1] mpdd_s1_k2: resuming, categories already done: ['bracket_black', 'bracket_brown', 'bracket_white', 'connector', 'metal_plate']
[E1:stride1] mpdd s1 K2 tubes: start (0s)
[E1:stride1] mpdd s1 K2 tubes: checkpointed (196s)
[E1:stride1] mpdd s1 K2: 13 methods (196s)
[E1:stride1] unit 1/3 done: mpdd_s1_k2 unit_ts=196s wall=196s
[E1:stride1] mpdd s2 K8 bracket_black: start (196s)
[E1:stride1] mpdd s2 K8 bracket_black: checkpointed (229s)
[E1:stride1] mpdd s2 K8 bracket_brown: start (229s)
[E1:stride1] mpdd s2 K8 bracket_brown: checkpointed (319s)
[E1:stride1] mpdd s2 K8 bracket_white: start (319s)
[E1:stride1] mpdd s2 K8 bracket_white: checkpointed (337s)
[E1:stride1] mpdd s2 K8 connector: start (337s)
[E1:stride1] mpdd s2 K8 connector: checkpointed (395s)
[E1:stride1] mpdd s2 K8 metal_plate: start (395s)
[E1:stride1] mpdd s2 K8 metal_plate: checkpointed (2395s)
[E1:stride1] mpdd s2 K8 tubes: start (2395s)
[E1:stride1] mpdd s2 K8 tubes: checkpointed (2533s)
[E1:stride1] mpdd s2 K8: 13 methods (2533s)
[E1:stride1] unit 2/3 done: mpdd_s2_k8 unit_ts=2337s wall=2533s
[E1:stride1] btad s1 K2 01: start (2533s)
[E1:stride1] btad s1 K2 01: checkpointed (2830s)
[E1:stride1] btad s1 K2 02: start (2830s)
[E1:stride1] btad s1 K2 02: checkpointed (4632s)
[E1:stride1] btad s1 K2 03: start (4632s)
[E1:stride1] btad s1 K2 03: checkpointed (4965s)
[E1:stride1] btad s1 K2: 13 methods (4965s)
[E1:stride1] unit 3/3 done: btad_s1_k2 unit_ts=2431s wall=4965s
[E1:stride1] shard 6/6: done, no final products written here (4965s)
