[A11] mpdd s0 K1 bracket_black (99s)
[A11] mpdd s0 K1 bracket_brown (197s)
[A11] mpdd s0 K1 bracket_white (272s)
[A11] mpdd s0 K1 connector (331s)
[A11] mpdd s0 K1 metal_plate (503s)
[A11] mpdd s0 K1 tubes (639s)
[A11] unit 1/8 done: mpdd_s0_k1 cells=192 wall=639s
[A11] mpdd s0 K2 bracket_black (137s)
[A11] mpdd s0 K2 bracket_brown (277s)
[A11] mpdd s0 K2 bracket_white (380s)
[A11] mpdd s0 K2 connector (461s)
[A11] mpdd s0 K2 metal_plate (680s)
[A11] mpdd s0 K2 tubes (855s)
[A11] unit 2/8 done: mpdd_s0_k2 cells=192 wall=1495s
[A11] mpdd s0 K4 bracket_black (211s)
[A11] mpdd s0 K4 bracket_brown (418s)
[A11] mpdd s0 K4 bracket_white (589s)
[A11] mpdd s0 K4 connector (712s)
[A11] mpdd s0 K4 metal_plate (1044s)
[A11] mpdd s0 K4 tubes (1325s)
[A11] unit 3/8 done: mpdd_s0_k4 cells=192 wall=2821s
[A11] mpdd s0 K8 bracket_black (354s)
[A11] mpdd s0 K8 bracket_brown (696s)
[A11] mpdd s0 K8 bracket_white (969s)
[A11] mpdd s0 K8 connector (1167s)
[A11] mpdd s0 K8 metal_plate (1679s)
[A11] mpdd s0 K8 tubes (2157s)
[A11] unit 4/8 done: mpdd_s0_k8 cells=192 wall=4978s
[A11] mpdd s1 K1 bracket_black (118s)
[A11] mpdd s1 K1 bracket_brown (239s)
[A11] mpdd s1 K1 bracket_white (318s)
[A11] mpdd s1 K1 connector (392s)
[A11] mpdd s1 K1 metal_plate (586s)
[A11] mpdd s1 K1 tubes (736s)
[A11] unit 5/8 done: mpdd_s1_k1 cells=192 wall=5715s
[A11] mpdd s1 K2 bracket_black (153s)
[A11] mpdd s1 K2 bracket_brown (306s)
[A11] mpdd s1 K2 bracket_white (425s)
[A11] mpdd s1 K2 connector (515s)
[A11] mpdd s1 K2 metal_plate (763s)
[A11] mpdd s1 K2 tubes (968s)
[A11] unit 6/8 done: mpdd_s1_k2 cells=192 wall=6684s
[A11] mpdd s1 K4 bracket_black (244s)
[A11] mpdd s1 K4 bracket_brown (477s)
[A11] mpdd s1 K4 bracket_white (669s)
[A11] mpdd s1 K4 connector (809s)
[A11] mpdd s1 K4 metal_plate (1182s)
[A11] mpdd s1 K4 tubes (1485s)
[A11] unit 7/8 done: mpdd_s1_k4 cells=192 wall=8170s
[A11] mpdd s1 K8 bracket_black (396s)
[A11] mpdd s1 K8 bracket_brown (793s)
[A11] mpdd s1 K8 bracket_white (1098s)
[A11] mpdd s1 K8 connector (1311s)
[A11] mpdd s1 K8 metal_plate (1856s)
[A11] mpdd s1 K8 tubes (2327s)
[A11] unit 8/8 done: mpdd_s1_k8 cells=192 wall=10497s
[A11] assembled 1536 point cells from 8 units (0 missing); 0 condition rows; 0 aggregate rows
