[A22] btad/01 s0k1: 3 columns (4s)
[A22] btad/02 s0k1: 3 columns (20s)
[A22] btad/03 s0k1: 3 columns (48s)
[A22] mpdd/bracket_black s0k1: 3 columns (52s)
[A22] mpdd/bracket_brown s0k1: 3 columns (57s)
[A22] mpdd/bracket_white s0k1: 3 columns (60s)
[A22] mpdd/connector s0k1: 3 columns (63s)
[A22] mpdd/metal_plate s0k1: 3 columns (70s)
[A22] mpdd/tubes s0k1: 3 columns (76s)
[A22] mvtec/bottle s0k1: 3 columns (81s)
[A22] mvtec/cable s0k1: 3 columns (91s)
[A22] mvtec/capsule s0k1: 3 columns (99s)
[A22] mvtec/carpet s0k1: 3 columns (106s)
[A22] mvtec/grid s0k1: 3 columns (111s)
[A22] mvtec/hazelnut s0k1: 3 columns (117s)
[A22] mvtec/leather s0k1: 3 columns (124s)
[A22] mvtec/metal_nut s0k1: 3 columns (133s)
[A22] mvtec/pill s0k1: 3 columns (143s)
[A22] mvtec/screw s0k1: 3 columns (152s)
[A22] mvtec/tile s0k1: 3 columns (160s)
[A22] mvtec/toothbrush s0k1: 3 columns (163s)
[A22] mvtec/transistor s0k1: 3 columns (170s)
[A22] mvtec/wood s0k1: 3 columns (174s)
[A22] mvtec/zipper s0k1: 3 columns (183s)
[A22] visa/candle s0k1: 3 columns (196s)
[A22] visa/capsules s0k1: 3 columns (204s)
[A22] visa/cashew s0k1: 3 columns (215s)
[A22] visa/chewinggum s0k1: 3 columns (223s)
[A22] visa/fryum s0k1: 3 columns (232s)
[A22] visa/macaroni1 s0k1: 3 columns (245s)
[A22] visa/macaroni2 s0k1: 3 columns (256s)
[A22] visa/pcb1 s0k1: 3 columns (267s)
[A22] visa/pcb2 s0k1: 3 columns (278s)
[A22] visa/pcb3 s0k1: 3 columns (290s)
[A22] visa/pcb4 s0k1: 3 columns (301s)
[A22] visa/pipe_fryum s0k1: 3 columns (311s)
[A22] bootstrap PatchCore_harmonised448 btad_0_1 done (413s)
[A22] bootstrap PatchCore_native_official224 btad_0_1 done (528s)
[A22] bootstrap PatchCore_native_local128 btad_0_1 done (635s)
[A22] bootstrap PatchCore_harmonised448 mpdd_0_1 done (687s)
[A22] bootstrap PatchCore_native_official224 mpdd_0_1 done (739s)
[A22] bootstrap PatchCore_native_local128 mpdd_0_1 done (790s)
[A22] bootstrap PatchCore_harmonised448 mvtec_0_1 done (993s)
[A22] bootstrap PatchCore_native_official224 mvtec_0_1 done (1186s)
[A22] bootstrap PatchCore_native_local128 mvtec_0_1 done (1371s)
[A22] bootstrap PatchCore_harmonised448 visa_0_1 done (1607s)
[A22] bootstrap PatchCore_native_official224 visa_0_1 done (1843s)
[A22] bootstrap PatchCore_native_local128 visa_0_1 done (2078s)
[A22] wrote D:\STUDY\My_github\reference-matching-interaction-ad\experiments\prereg_20260924\out\A22: 108 rows, 36 contrast rows (2078s)
{
 "collapse_vs_parallel_summary": {
  "btad": {
   "n_units": 3,
   "n_units_identical_448_vs_224": 0,
   "n_units_identical_448_vs_128": 0,
   "mean_delta_native224_minus_448": -0.036599573376057716,
   "median_delta_native224_minus_448": -0.03186384719831252,
   "mean_abs_delta_native224_minus_448": 0.07235016534864613,
   "max_abs_delta_native224_minus_448": 0.13156076088874324,
   "mean_delta_native128_minus_448": -0.16164023252422047,
   "mean_abs_delta_native128_minus_448": 0.16164023252422047,
   "max_abs_delta_native128_minus_448": 0.21667567313459968,
   "n_units_native224_and_native128_same_side_of_448": 2
  },
  "mpdd": {
   "n_units": 6,
   "n_units_identical_448_vs_224": 0,
   "n_units_identical_448_vs_128": 0,
   "mean_delta_native224_minus_448": -0.03457767085134192,
   "median_delta_native224_minus_448": -0.006866096733465332,
   "mean_abs_delta_native224_minus_448": 0.03457767085134192,
   "max_abs_delta_native224_minus_448": 0.15399416966842538,
   "mean_delta_native128_minus_448": -0.05723249133174513,
   "mean_abs_delta_native128_minus_448": 0.05723249133174513,
   "max_abs_delta_native128_minus_448": 0.15444811970840913,
   "n_units_native224_and_native128_same_side_of_448": 6
  },
  "mvtec": {
   "n_units": 15,
   "n_units_identical_448_vs_224": 0,
   "n_units_identical_448_vs_128": 0,
   "mean_delta_native224_minus_448": -0.031642432770345036,
   "median_delta_native224_minus_448": -0.026254762342327043,
   "mean_abs_delta_native224_minus_448": 0.07639599945900487,
   "max_abs_delta_native224_minus_448": 0.18666079887134934,
   "mean_delta_native128_minus_448": -0.13688995325534434,
   "mean_abs_delta_native128_minus_448": 0.19362161547289183,
   "max_abs_delta_native128_minus_448": 0.48338773967354176,
   "n_units_native224_and_native128_same_side_of_448": 13
  },
  "visa": {
   "n_units": 12,
   "n_units_identical_448_vs_224": 0,
   "n_units_identical_448_vs_128": 0,
   "mean_delta_native224_minus_448": -0.05111045907065168,
   "median_delta_native224_minus_448": -0.0614026917695328,
   "mean_abs_delta_native224_minus_448": 0.09786286025157791,
   "max_abs_delta_native224_minus_448": 0.2485017277929571,
   "mean_delta_native128_minus_448": -0.10764467287522023,
   "mean_abs_delta_native128_minus_448": 0.18744139543601815,
   "max_abs_delta_native128_minus_448": 0.32133404376321156,
   "n_units_native224_and_native128_same_side_of_448": 11
  }
 },
 "parity": {
  "parity_vs_harmonised_table": {
   "rows": 36,
   "max": 0.0,
   "pass": true
  },
  "parity_vs_frozen_common_region_table": {
   "rows": 72,
   "max": 0.0,
   "pass": true
  }
 }
}
