.\.venv-anomalyclip\Scripts\python.exe : D:\STUDY\My_github\sci_project\.venv-anomalyclip\lib\site-packages\scipy\__ini
t__.py:155: UserWarning: A NumPy version >=1.18.5 and <1.25.0 is required for this version of SciPy (detected version 1
.26.4
At line:15 char:2458
+ ... pgrep\bin'; .\.venv-anomalyclip\Scripts\python.exe experiments\prereg ...
+                 ~~~~~~~~~~~~~~~~~~~~~~~~~~~~~~~~~~~~~~~~~~~~~~~~~~~~~~~~~
    + CategoryInfo          : NotSpecified: (D:\STUDY\My_git... version 1.26.4:String) [], RemoteException
    + FullyQualifiedErrorId : NativeCommandError
 
  warnings.warn(f"A NumPy version >={np_minversion} and <{np_maxversion}"
{
  "method": "B",
  "n_images": 60,
  "map_hw": [
    448,
    448
  ],
  "pixels_per_image": 200704,
  "n_pos": 3469,
  "n_neg": 12038771,
  "t_rebuild_cpu_s": 0.2472,
  "t_profile_sort_cpu_s": 0.6045,
  "n_grid_distinct_positives": 3468,
  "t_cpu_pool_s": 0.1562,
  "t_cpu_pool_s_2nd": 0.1511,
  "t_gpu_h2d_float64_s": 0.0348,
  "t_gpu_pool_float64_s": 0.2157,
  "t_gpu_pool_float64_s_2nd": 0.0365,
  "delta_float64": {
    "ap_1000": {
      "n_finite": 1000,
      "n_nan_mismatch": 0,
      "max_abs_delta": 5.551115123125783e-17,
      "max_rel_delta": 4.09673134678329e-16,
      "mean_abs_delta": 7.592884654350484e-18
    },
    "ap_point": {
      "n_finite": 1,
      "n_nan_mismatch": 0,
      "max_abs_delta": 0.0,
      "max_rel_delta": 0.0,
      "mean_abs_delta": 0.0
    },
    "auroc_1000": {
      "n_finite": 1000,
      "n_nan_mismatch": 0,
      "max_abs_delta": 0.0,
      "max_rel_delta": 0.0,
      "mean_abs_delta": 0.0
    },
    "cpu_ap_point": 0.08874737080064851,
    "gpu_ap_point": 0.08874737080064851,
    "cpu_ap_1000_mean": 0.09603565646037443,
    "gpu_ap_1000_mean": 0.09603565646037442
  },
  "gpu_peak_alloc_float64_mib": 274.5,
  "gpu_peak_reserved_float64_mib": 312.0,
  "t_gpu_h2d_float32_s": 0.0244,
  "t_gpu_pool_float32_s": 0.0256,
  "t_gpu_pool_float32_s_2nd": 0.0059,
  "delta_float32": {
    "ap_1000": {
      "n_finite": 1000,
      "n_nan_mismatch": 0,
      "max_abs_delta": 2.2536519983518133e-08,
      "max_rel_delta": 1.706803471589258e-07,
      "mean_abs_delta": 3.656524990406501e-09
    },
    "ap_point": {
      "n_finite": 1,
      "n_nan_mismatch": 0,
      "max_abs_delta": 3.537808240805518e-09,
      "max_rel_delta": 3.986380902204334e-08,
      "mean_abs_delta": 3.537808240805518e-09
    },
    "auroc_1000": {
      "n_finite": 1000,
      "n_nan_mismatch": 0,
      "max_abs_delta": 1.928826321995203e-07,
      "max_rel_delta": 1.9382984377214949e-07,
      "mean_abs_delta": 4.267960958248551e-08
    },
    "cpu_ap_point": 0.08874737080064851,
    "gpu_ap_point": 0.08874736726284027,
    "cpu_ap_1000_mean": 0.09603565646037443,
    "gpu_ap_1000_mean": 0.0960356565816328
  },
  "gpu_peak_alloc_float32_mib": 166.0,
  "gpu_peak_reserved_float32_mib": 314.0,
  "cpu_end_to_end_f64_dtype_s": 1.0028,
  "gpu_end_to_end_f64_dtype_s": 0.923,
  "gpu_end_to_end_f32_dtype_s": 0.882
}
-> D:\STUDY\My_github\reference-matching-interaction-ad\experiments\prereg_20260924\scratch\gpu_try\gpu_try_report.json
