.\.venv-anomalyclip\Scripts\python.exe : D:\STUDY\My_github\sci_project\.venv-anomalyclip\lib\site-packages\scipy\__ini
t__.py:155: UserWarning: A NumPy version >=1.18.5 and <1.25.0 is required for this version of SciPy (detected version 1
.26.4
At line:15 char:2458
+ ... pgrep\bin'; .\.venv-anomalyclip\Scripts\python.exe experiments\prereg ...
+                 ~~~~~~~~~~~~~~~~~~~~~~~~~~~~~~~~~~~~~~~~~~~~~~~~~~~~~~~~~
    + CategoryInfo          : NotSpecified: (D:\STUDY\My_git... version 1.26.4:String) [], RemoteException
    + FullyQualifiedErrorId : NativeCommandError
 
  warnings.warn(f"A NumPy version >={np_minversion} and <{np_maxversion}"
{
  "method": "B",
  "n_images": 97,
  "map_hw": [
    448,
    448
  ],
  "pixels_per_image": 200704,
  "n_pos": 2298740,
  "n_neg": 17169548,
  "t_rebuild_cpu_s": 0.4385,
  "t_profile_sort_cpu_s": 1.2166,
  "n_grid_distinct_positives": 2133926,
  "t_cpu_pool_s": 118.6514,
  "t_cpu_pool_s_2nd": 118.6514,
  "t_gpu_h2d_float64_s": 0.0495,
  "t_gpu_pool_float64_s": 10.3109,
  "t_gpu_pool_float64_s_2nd": 10.1882,
  "delta_float64": {
    "ap_1000": {
      "n_finite": 1000,
      "n_nan_mismatch": 0,
      "max_abs_delta": 3.3306690738754696e-16,
      "max_rel_delta": 4.5981138616660115e-16,
      "mean_abs_delta": 2.9309887850104134e-17
    },
    "ap_point": {
      "n_finite": 1,
      "n_nan_mismatch": 0,
      "max_abs_delta": 1.1102230246251565e-16,
      "max_rel_delta": 1.468587326516282e-16,
      "mean_abs_delta": 1.1102230246251565e-16
    },
    "auroc_1000": {
      "n_finite": 1000,
      "n_nan_mismatch": 0,
      "max_abs_delta": 0.0,
      "max_rel_delta": 0.0,
      "mean_abs_delta": 0.0
    },
    "cpu_ap_point": 0.7559802570670268,
    "gpu_ap_point": 0.7559802570670269,
    "cpu_ap_1000_mean": 0.755886907604734,
    "gpu_ap_1000_mean": 0.755886907604734
  },
  "gpu_peak_alloc_float64_mib": 382.0,
  "gpu_peak_reserved_float64_mib": 446.0,
  "cpu_end_to_end_f64_dtype_s": 120.3065,
  "gpu_end_to_end_float64_dtype_s": 11.8928,
  "peak_cpu_ws_mib": 0.0
}
-> experiments\prereg_20260924\scratch\gpu_try\gpu_try_report_metal_plate_mem.json
