{
    "python":  true,
    "ps_driver":  true,
    "validator":  true,
    "ksdd2_parity":  true,
    "conditions":  true,
    "c5":  true,
    "fast_gate":  true,
    "manifest":  true,
    "export_k8":  true,
    "run_matrix":  true,
    "run_fullpixel":  true,
    "stats_v2":  true,
    "s1":  true,
    "s2":  true,
    "s3":  true,
    "s4":  true,
    "s8":  true,
    "s10":  true,
    "patchcore_ps1":  true,
    "anomalydino":  true,
    "build_mjs":  true,
    "qa_layout":  true,
    "font_gate":  true,
    "sync_manuscript":  true,
    "f_spec":  true,
    "ksdd2_test":  true,
    "generalization_matrix":  true,
    "study_canonical":  true,
    "node":  true,
    "node_version":  "v20.19.0",
    "gpu_free_mb":  3291,
    "ram_free_gb":  2.8,
    "disk_free_gb":  161.9,
    "missing":  [

                ],
    "ps_parse_errors":  0,
    "ps_non_ascii_bytes":  0,
    "python_parameter":  ".venv-anomalyclip\\Scripts\\python.exe",
    "other_run_alive":  false,
    "other_run_pid":  0,
    "usable":  true
}
[night2] preflight says the environment is usable
