.venv-anomalyclip\Scripts\python.exe : D:\STUDY\My_github\sci_project\.venv-anomalyclip\lib\site-packages\scipy\__init_
_.py:155: UserWarning: A NumPy version >=1.18.5 and <1.25.0 is required for this version of SciPy (detected version 1.2
6.4
At line:15 char:2459
+ ... pgrep\bin'; .venv-anomalyclip\Scripts\python.exe -u experiments\prere ...
+                 ~~~~~~~~~~~~~~~~~~~~~~~~~~~~~~~~~~~~~~~~~~~~~~~~~~~~~~~~~
    + CategoryInfo          : NotSpecified: (D:\STUDY\My_git... version 1.26.4:String) [], RemoteException
    + FullyQualifiedErrorId : NativeCommandError
 
  warnings.warn(f"A NumPy version >={np_minversion} and <{np_maxversion}"
  ok       mpdd s0 k1 metal_plate B stride=8 (n_grid=35851)
  ok       mpdd s0 k1 metal_plate S stride=8 (n_grid=35861)
  ok       mpdd s0 k1 metal_plate C stride=8 (n_grid=35839)
  ok       mpdd s0 k1 metal_plate A1_J stride=8 (n_grid=35833)
  ok       mpdd s0 k1 metal_plate TRI_J stride=8 (n_grid=35845)
  ok       mpdd s0 k1 metal_plate BAL_J stride=8 (n_grid=35828)
  ok       mpdd s0 k1 metal_plate DUP_J stride=8 (n_grid=35846)
  ok       mpdd s0 k1 metal_plate DUP_BAL_J stride=8 (n_grid=35833)
  ok       mpdd s0 k1 metal_plate DUP_EXPECTED_J stride=8 (n_grid=35846)
  ok       mpdd s0 k1 metal_plate A1_L stride=8 (n_grid=35836)
  ok       mpdd s0 k1 metal_plate DUP_L stride=8 (n_grid=35853)
  ok       mpdd s0 k1 metal_plate TRI_L stride=8 (n_grid=35846)
  ok       mpdd s0 k1 metal_plate BAL_L stride=8 (n_grid=35843)
  ok       mpdd s0 k1 bracket_brown B stride=8 (n_grid=1091)
  ok       mpdd s0 k1 bracket_brown S stride=8 (n_grid=1091)
  ok       mpdd s0 k1 bracket_brown C stride=8 (n_grid=1091)
  ok       mpdd s0 k1 bracket_brown A1_J stride=8 (n_grid=1091)
  ok       mpdd s0 k1 bracket_brown TRI_J stride=8 (n_grid=1091)
  ok       mpdd s0 k1 bracket_brown BAL_J stride=8 (n_grid=1091)
  ok       mpdd s0 k1 bracket_brown DUP_J stride=8 (n_grid=1091)
  ok       mpdd s0 k1 bracket_brown DUP_BAL_J stride=8 (n_grid=1091)
  ok       mpdd s0 k1 bracket_brown DUP_EXPECTED_J stride=8 (n_grid=1091)
  ok       mpdd s0 k1 bracket_brown A1_L stride=8 (n_grid=1091)
  ok       mpdd s0 k1 bracket_brown DUP_L stride=8 (n_grid=1091)
  ok       mpdd s0 k1 bracket_brown TRI_L stride=8 (n_grid=1091)
  ok       mpdd s0 k1 bracket_brown BAL_L stride=8 (n_grid=1091)
  ok       mpdd s0 k1 bracket_white B stride=1 (n_grid=3468)
  ok       mpdd s0 k1 bracket_white S stride=1 (n_grid=3468)
  ok       mpdd s0 k1 bracket_white C stride=1 (n_grid=3469)
  ok       mpdd s0 k1 bracket_white A1_J stride=1 (n_grid=3469)
  ok       mpdd s0 k1 bracket_white TRI_J stride=1 (n_grid=3469)
  ok       mpdd s0 k1 bracket_white BAL_J stride=1 (n_grid=3469)
  ok       mpdd s0 k1 bracket_white DUP_J stride=1 (n_grid=3469)
  ok       mpdd s0 k1 bracket_white DUP_BAL_J stride=1 (n_grid=3469)
  ok       mpdd s0 k1 bracket_white DUP_EXPECTED_J stride=1 (n_grid=3469)
  ok       mpdd s0 k1 bracket_white A1_L stride=1 (n_grid=3468)
  ok       mpdd s0 k1 bracket_white DUP_L stride=1 (n_grid=3469)
  ok       mpdd s0 k1 bracket_white TRI_L stride=1 (n_grid=3469)
  ok       mpdd s0 k1 bracket_white BAL_L stride=1 (n_grid=3469)
  ok       mpdd s0 k1 connector B stride=1 (n_grid=48054)
  ok       mpdd s0 k1 connector S stride=1 (n_grid=48079)

methods checked: 41 (chunk=4096, replicates=1000)
  bitwise-identical ap: 41/41
  bitwise-identical auroc: 41/41
  bitwise-identical point_ap: 41/41
  bitwise-identical point_auroc: 41/41
  max |old-new| on the 1000-replicate AP series: 0.000e+00
TASK1_BITWISE_OK: True
