python.exe : D:\STUDY\My_github\sci_project\.venv-anomalyclip\lib\site-packages\scipy\__init__.py:155: UserWarning: A N
umPy version >=1.18.5 and <1.25.0 is required for this version of SciPy (detected version 1.26.4
At line:15 char:2622
+ ... verify\A3'; & $p -u $s --mode run --stride 1 --replicates 1000 --data ...
+                 ~~~~~~~~~~~~~~~~~~~~~~~~~~~~~~~~~~~~~~~~~~~~~~~~~~~~~~~~~
    + CategoryInfo          : NotSpecified: (D:\STUDY\My_git... version 1.26.4:String) [], RemoteException
    + FullyQualifiedErrorId : NativeCommandError
 
  warnings.warn(f"A NumPy version >={np_minversion} and <{np_maxversion}"
[E1:stride1] shard 1/3: 4 of 12 units; final products are assembled afterwards by one ordinary --resume run (no --shard)
[E1:stride1] mpdd s0 K1 bracket_white: start (0s)
[E1:stride1] mpdd s0 K1 bracket_white: checkpointed (17s)
[E1:stride1] mpdd s0 K1: 13 methods (17s)
[E1:stride1] unit 1/4 done: mpdd_s0_k1 unit_ts=17s wall=17s
[E1:stride1] mpdd s0 K8 bracket_white: start (17s)
[E1:stride1] mpdd s0 K8 bracket_white: checkpointed (33s)
[E1:stride1] mpdd s0 K8: 13 methods (33s)
[E1:stride1] unit 2/4 done: mpdd_s0_k8 unit_ts=16s wall=33s
[E1:stride1] mpdd s1 K4 bracket_white: start (33s)
[E1:stride1] mpdd s1 K4 bracket_white: checkpointed (50s)
[E1:stride1] mpdd s1 K4: 13 methods (50s)
[E1:stride1] unit 3/4 done: mpdd_s1_k4 unit_ts=16s wall=50s
[E1:stride1] mpdd s2 K2 bracket_white: start (50s)
[E1:stride1] mpdd s2 K2 bracket_white: checkpointed (67s)
[E1:stride1] mpdd s2 K2: 13 methods (67s)
[E1:stride1] unit 4/4 done: mpdd_s2_k2 unit_ts=17s wall=67s
[E1:stride1] shard 1/3: done, no final products written here (67s)
