python.exe : D:\STUDY\My_github\sci_project\.venv-anomalyclip\lib\site-packages\scipy\__init__.py:155: UserWarning: A N
umPy version >=1.18.5 and <1.25.0 is required for this version of SciPy (detected version 1.26.4
At line:15 char:2622
+ ... verify\A2'; & $p -u $s --mode run --stride 1 --replicates 1000 --data ...
+                 ~~~~~~~~~~~~~~~~~~~~~~~~~~~~~~~~~~~~~~~~~~~~~~~~~~~~~~~~~
    + CategoryInfo          : NotSpecified: (D:\STUDY\My_git... version 1.26.4:String) [], RemoteException
    + FullyQualifiedErrorId : NativeCommandError
 
  warnings.warn(f"A NumPy version >={np_minversion} and <{np_maxversion}"
[E1:stride1] shard 1/2: 6 of 12 units; final products are assembled afterwards by one ordinary --resume run (no --shard)
[E1:stride1] mpdd s0 K1 bracket_white: start (0s)
[E1:stride1] mpdd s0 K1 bracket_white: checkpointed (17s)
[E1:stride1] mpdd s0 K1: 13 methods (17s)
[E1:stride1] unit 1/6 done: mpdd_s0_k1 unit_ts=17s wall=17s
[E1:stride1] mpdd s0 K4 bracket_white: start (17s)
[E1:stride1] mpdd s0 K4 bracket_white: checkpointed (33s)
[E1:stride1] mpdd s0 K4: 13 methods (33s)
[E1:stride1] unit 2/6 done: mpdd_s0_k4 unit_ts=16s wall=33s
[E1:stride1] mpdd s1 K1 bracket_white: start (33s)
[E1:stride1] mpdd s1 K1 bracket_white: checkpointed (49s)
[E1:stride1] mpdd s1 K1: 13 methods (49s)
[E1:stride1] unit 3/6 done: mpdd_s1_k1 unit_ts=16s wall=49s
[E1:stride1] mpdd s1 K4 bracket_white: start (49s)
[E1:stride1] mpdd s1 K4 bracket_white: checkpointed (66s)
[E1:stride1] mpdd s1 K4: 13 methods (66s)
[E1:stride1] unit 4/6 done: mpdd_s1_k4 unit_ts=16s wall=66s
[E1:stride1] mpdd s2 K1 bracket_white: start (66s)
[E1:stride1] mpdd s2 K1 bracket_white: checkpointed (87s)
[E1:stride1] mpdd s2 K1: 13 methods (87s)
[E1:stride1] unit 5/6 done: mpdd_s2_k1 unit_ts=21s wall=87s
[E1:stride1] mpdd s2 K4 bracket_white: start (87s)
[E1:stride1] mpdd s2 K4 bracket_white: checkpointed (108s)
[E1:stride1] mpdd s2 K4: 13 methods (108s)
[E1:stride1] unit 6/6 done: mpdd_s2_k4 unit_ts=21s wall=108s
[E1:stride1] shard 1/2: done, no final products written here (108s)
