python.exe : D:\STUDY\My_github\sci_project\.venv-anomalyclip\lib\site-packages\scipy\__init__.py:155: UserWarning: A N
umPy version >=1.18.5 and <1.25.0 is required for this version of SciPy (detected version 1.26.4
At line:15 char:3072
+ ... ct -Last 2; & $p -u $s --mode run --resume --stride 1 --replicates 10 ...
+                 ~~~~~~~~~~~~~~~~~~~~~~~~~~~~~~~~~~~~~~~~~~~~~~~~~~~~~~~~~
    + CategoryInfo          : NotSpecified: (D:\STUDY\My_git... version 1.26.4:String) [], RemoteException
    + FullyQualifiedErrorId : NativeCommandError
 
  warnings.warn(f"A NumPy version >={np_minversion} and <{np_maxversion}"
[E1:stride1] mpdd_s0_k1: already complete, skipped (1/12, wall 0s)
[E1:stride1] mpdd_s0_k2: already complete, skipped (2/12, wall 0s)
[E1:stride1] mpdd_s0_k4: already complete, skipped (3/12, wall 0s)
[E1:stride1] mpdd_s0_k8: already complete, skipped (4/12, wall 0s)
[E1:stride1] mpdd_s1_k1: already complete, skipped (5/12, wall 0s)
[E1:stride1] mpdd_s1_k2: already complete, skipped (6/12, wall 0s)
[E1:stride1] mpdd_s1_k4: already complete, skipped (7/12, wall 0s)
[E1:stride1] mpdd_s1_k8: already complete, skipped (8/12, wall 0s)
[E1:stride1] mpdd_s2_k1: already complete, skipped (9/12, wall 0s)
[E1:stride1] mpdd_s2_k2: already complete, skipped (10/12, wall 0s)
[E1:stride1] mpdd_s2_k4: already complete, skipped (11/12, wall 0s)
[E1:stride1] mpdd_s2_k8: already complete, skipped (12/12, wall 0s)
[E1:stride1] wrote D:\STUDY\My_github\reference-matching-interaction-ad\experiments\prereg_20260924\scratch\_shard_verify\A2 for 12 units (0s)
