python.exe : D:\STUDY\My_github\sci_project\.venv-anomalyclip\lib\site-packages\scipy\__init__.py:155: UserWarning: A N
umPy version >=1.18.5 and <1.25.0 is required for this version of SciPy (detected version 1.26.4
At line:15 char:2847
+ ... ct -Last 2; & $p -u $s --mode run --stride 1 --replicates 1000 --data ...
+                 ~~~~~~~~~~~~~~~~~~~~~~~~~~~~~~~~~~~~~~~~~~~~~~~~~~~~~~~~~
    + CategoryInfo          : NotSpecified: (D:\STUDY\My_git... version 1.26.4:String) [], RemoteException
    + FullyQualifiedErrorId : NativeCommandError
 
  warnings.warn(f"A NumPy version >={np_minversion} and <{np_maxversion}"
[E1:stride1] shard 2/3: 4 of 12 units; final products are assembled afterwards by one ordinary --resume run (no --shard)
[E1:stride1] mpdd s0 K2 bracket_white: start (0s)
[E1:stride1] mpdd s0 K2 bracket_white: checkpointed (21s)
[E1:stride1] mpdd s0 K2: 13 methods (21s)
[E1:stride1] unit 1/4 done: mpdd_s0_k2 unit_ts=21s wall=21s
[E1:stride1] mpdd s1 K1 bracket_white: start (22s)
[E1:stride1] mpdd s1 K1 bracket_white: checkpointed (41s)
[E1:stride1] mpdd s1 K1: 13 methods (41s)
[E1:stride1] unit 2/4 done: mpdd_s1_k1 unit_ts=20s wall=41s
[E1:stride1] mpdd s1 K8 bracket_white: start (41s)
[E1:stride1] mpdd s1 K8 bracket_white: checkpointed (59s)
[E1:stride1] mpdd s1 K8: 13 methods (59s)
[E1:stride1] unit 3/4 done: mpdd_s1_k8 unit_ts=18s wall=59s
[E1:stride1] mpdd s2 K4 bracket_white: start (59s)
[E1:stride1] mpdd s2 K4 bracket_white: checkpointed (77s)
[E1:stride1] mpdd s2 K4: 13 methods (77s)
[E1:stride1] unit 4/4 done: mpdd_s2_k4 unit_ts=18s wall=77s
[E1:stride1] shard 2/3: done, no final products written here (77s)
