python.exe : D:\STUDY\My_github\sci_project\.venv-anomalyclip\lib\site-packages\scipy\__init__.py:155: UserWarning: A N
umPy version >=1.18.5 and <1.25.0 is required for this version of SciPy (detected version 1.26.4
At line:15 char:3086
+ ... ct -Last 2; & $p -u $s --mode run --stride 8 --replicates 100 --datas ...
+                 ~~~~~~~~~~~~~~~~~~~~~~~~~~~~~~~~~~~~~~~~~~~~~~~~~~~~~~~~~
    + CategoryInfo          : NotSpecified: (D:\STUDY\My_git... version 1.26.4:String) [], RemoteException
    + FullyQualifiedErrorId : NativeCommandError
 
  warnings.warn(f"A NumPy version >={np_minversion} and <{np_maxversion}"
[E1:stride8] shard 3/3: 6 of 20 units; final products are assembled afterwards by one ordinary --resume run (no --shard)
[E1:stride8] mpdd s0 K4 bracket_black: start (0s)
[E1:stride8] mpdd s0 K4 bracket_black: checkpointed (6s)
[E1:stride8] mpdd s0 K4: 13 methods (6s)
[E1:stride8] unit 1/6 done: mpdd_s0_k4 unit_ts=6s wall=6s
[E1:stride8] mpdd s1 K2 bracket_black: start (6s)
[E1:stride8] mpdd s1 K2 bracket_black: checkpointed (13s)
[E1:stride8] mpdd s1 K2: 13 methods (13s)
[E1:stride8] unit 2/6 done: mpdd_s1_k2 unit_ts=6s wall=13s
[E1:stride8] mpdd s2 K1 bracket_black: start (13s)
[E1:stride8] mpdd s2 K1 bracket_black: checkpointed (19s)
[E1:stride8] mpdd s2 K1: 13 methods (19s)
[E1:stride8] unit 3/6 done: mpdd_s2_k1 unit_ts=6s wall=19s
[E1:stride8] mpdd s2 K8 bracket_black: start (19s)
[E1:stride8] mpdd s2 K8 bracket_black: checkpointed (25s)
[E1:stride8] mpdd s2 K8: 13 methods (25s)
[E1:stride8] unit 4/6 done: mpdd_s2_k8 unit_ts=6s wall=25s
[E1:stride8] btad s0 K4 01: start (25s)
[E1:stride8] btad s0 K4 01: checkpointed (30s)
[E1:stride8] btad s0 K4: 13 methods (30s)
[E1:stride8] unit 5/6 done: btad_s0_k4 unit_ts=5s wall=30s
[E1:stride8] btad s1 K2 01: start (30s)
[E1:stride8] btad s1 K2 01: checkpointed (35s)
[E1:stride8] btad s1 K2: 13 methods (35s)
[E1:stride8] unit 6/6 done: btad_s1_k2 unit_ts=5s wall=35s
[E1:stride8] shard 3/3: done, no final products written here (35s)
