python.exe : D:\STUDY\My_github\sci_project\.venv-anomalyclip\lib\site-packages\scipy\__init__.py:155: UserWarning: A N
umPy version >=1.18.5 and <1.25.0 is required for this version of SciPy (detected version 1.26.4
At line:15 char:3318
+ ... ct -Last 2; & $p -u $s --mode run --resume --stride 8 --replicates 10 ...
+                 ~~~~~~~~~~~~~~~~~~~~~~~~~~~~~~~~~~~~~~~~~~~~~~~~~~~~~~~~~
    + CategoryInfo          : NotSpecified: (D:\STUDY\My_git... version 1.26.4:String) [], RemoteException
    + FullyQualifiedErrorId : NativeCommandError
 
  warnings.warn(f"A NumPy version >={np_minversion} and <{np_maxversion}"
[E1:stride8] mpdd_s0_k1: already complete, skipped (1/20, wall 0s)
[E1:stride8] mpdd_s0_k2: already complete, skipped (2/20, wall 0s)
[E1:stride8] mpdd_s0_k4: already complete, skipped (3/20, wall 0s)
[E1:stride8] mpdd_s0_k8: already complete, skipped (4/20, wall 0s)
[E1:stride8] mpdd_s1_k1: already complete, skipped (5/20, wall 0s)
[E1:stride8] mpdd_s1_k2: already complete, skipped (6/20, wall 0s)
[E1:stride8] mpdd_s1_k4: already complete, skipped (7/20, wall 0s)
[E1:stride8] mpdd_s1_k8: already complete, skipped (8/20, wall 0s)
[E1:stride8] mpdd_s2_k1: already complete, skipped (9/20, wall 0s)
[E1:stride8] mpdd_s2_k2: already complete, skipped (10/20, wall 0s)
[E1:stride8] mpdd_s2_k4: already complete, skipped (11/20, wall 0s)
[E1:stride8] mpdd_s2_k8: already complete, skipped (12/20, wall 0s)
[E1:stride8] btad_s0_k1: already complete, skipped (13/20, wall 0s)
[E1:stride8] btad_s0_k2: already complete, skipped (14/20, wall 0s)
[E1:stride8] btad_s0_k4: already complete, skipped (15/20, wall 0s)
[E1:stride8] btad_s0_k8: already complete, skipped (16/20, wall 0s)
[E1:stride8] btad_s1_k1: already complete, skipped (17/20, wall 0s)
[E1:stride8] btad_s1_k2: already complete, skipped (18/20, wall 0s)
[E1:stride8] btad_s1_k4: already complete, skipped (19/20, wall 0s)
[E1:stride8] btad_s1_k8: already complete, skipped (20/20, wall 0s)
[E1:stride8] wrote D:\STUDY\My_github\reference-matching-interaction-ad\experiments\prereg_20260924\scratch\_shard_verify\C3 for 20 units (0s)
