python.exe : D:\STUDY\My_github\sci_project\.venv-anomalyclip\lib\site-packages\scipy\__init__.py:155: UserWarning: A N
umPy version >=1.18.5 and <1.25.0 is required for this version of SciPy (detected version 1.26.4
At line:15 char:2854
+ ... ct -Last 2; & $p -u $s --mode run --stride 8 --replicates 100 --datas ...
+                 ~~~~~~~~~~~~~~~~~~~~~~~~~~~~~~~~~~~~~~~~~~~~~~~~~~~~~~~~~
    + CategoryInfo          : NotSpecified: (D:\STUDY\My_git... version 1.26.4:String) [], RemoteException
    + FullyQualifiedErrorId : NativeCommandError
 
  warnings.warn(f"A NumPy version >={np_minversion} and <{np_maxversion}"
[E1:stride8] shard 2/3: 7 of 20 units; final products are assembled afterwards by one ordinary --resume run (no --shard)
[E1:stride8] mpdd s0 K2 bracket_black: start (0s)
[E1:stride8] mpdd s0 K2 bracket_black: checkpointed (7s)
[E1:stride8] mpdd s0 K2: 13 methods (7s)
[E1:stride8] unit 1/7 done: mpdd_s0_k2 unit_ts=7s wall=7s
[E1:stride8] mpdd s1 K1 bracket_black: start (7s)
[E1:stride8] mpdd s1 K1 bracket_black: checkpointed (14s)
[E1:stride8] mpdd s1 K1: 13 methods (14s)
[E1:stride8] unit 2/7 done: mpdd_s1_k1 unit_ts=7s wall=14s
[E1:stride8] mpdd s1 K8 bracket_black: start (14s)
[E1:stride8] mpdd s1 K8 bracket_black: checkpointed (21s)
[E1:stride8] mpdd s1 K8: 13 methods (21s)
[E1:stride8] unit 3/7 done: mpdd_s1_k8 unit_ts=7s wall=21s
[E1:stride8] mpdd s2 K4 bracket_black: start (21s)
[E1:stride8] mpdd s2 K4 bracket_black: checkpointed (28s)
[E1:stride8] mpdd s2 K4: 13 methods (28s)
[E1:stride8] unit 4/7 done: mpdd_s2_k4 unit_ts=7s wall=28s
[E1:stride8] btad s0 K2 01: start (28s)
[E1:stride8] btad s0 K2 01: checkpointed (36s)
[E1:stride8] btad s0 K2: 13 methods (36s)
[E1:stride8] unit 5/7 done: btad_s0_k2 unit_ts=8s wall=36s
[E1:stride8] btad s1 K1 01: start (36s)
[E1:stride8] btad s1 K1 01: checkpointed (42s)
[E1:stride8] btad s1 K1: 13 methods (42s)
[E1:stride8] unit 6/7 done: btad_s1_k1 unit_ts=7s wall=42s
[E1:stride8] btad s1 K8 01: start (42s)
[E1:stride8] btad s1 K8 01: checkpointed (49s)
[E1:stride8] btad s1 K8: 13 methods (49s)
[E1:stride8] unit 7/7 done: btad_s1_k8 unit_ts=7s wall=49s
[E1:stride8] shard 2/3: done, no final products written here (49s)
