[E1:stride1] mpdd s0 K1 bracket_black: start (0s)
[E1:stride1] mpdd s0 K1 bracket_black: checkpointed (24s)
[E1:stride1] mpdd s0 K1 bracket_white: start (24s)
[E1:stride1] mpdd s0 K1 bracket_white: checkpointed (40s)
[E1:stride1] mpdd s0 K1: 13 methods (40s)
[E1:stride1] unit 1/12 done: mpdd_s0_k1 unit_ts=40s wall=40s
[E1:stride1] mpdd s0 K2 bracket_black: start (40s)
[E1:stride1] mpdd s0 K2 bracket_black: checkpointed (65s)
[E1:stride1] mpdd s0 K2 bracket_white: start (65s)
[E1:stride1] mpdd s0 K2 bracket_white: checkpointed (80s)
[E1:stride1] mpdd s0 K2: 13 methods (80s)
[E1:stride1] unit 2/12 done: mpdd_s0_k2 unit_ts=40s wall=80s
[E1:stride1] mpdd s0 K4 bracket_black: start (80s)
[E1:stride1] mpdd s0 K4 bracket_black: checkpointed (103s)
[E1:stride1] mpdd s0 K4 bracket_white: start (103s)
[E1:stride1] mpdd s0 K4 bracket_white: checkpointed (118s)
[E1:stride1] mpdd s0 K4: 13 methods (118s)
[E1:stride1] unit 3/12 done: mpdd_s0_k4 unit_ts=38s wall=118s
[E1:stride1] mpdd s0 K8 bracket_black: start (118s)
[E1:stride1] mpdd s0 K8 bracket_black: checkpointed (138s)
[E1:stride1] mpdd s0 K8 bracket_white: start (138s)
[E1:stride1] mpdd s0 K8 bracket_white: checkpointed (151s)
[E1:stride1] mpdd s0 K8: 13 methods (151s)
[E1:stride1] unit 4/12 done: mpdd_s0_k8 unit_ts=33s wall=151s
[E1:stride1] mpdd s1 K1 bracket_black: start (151s)
[E1:stride1] mpdd s1 K1 bracket_black: checkpointed (171s)
[E1:stride1] mpdd s1 K1 bracket_white: start (171s)
[E1:stride1] mpdd s1 K1 bracket_white: checkpointed (185s)
[E1:stride1] mpdd s1 K1: 13 methods (185s)
[E1:stride1] unit 5/12 done: mpdd_s1_k1 unit_ts=33s wall=185s
[E1:stride1] mpdd s1 K2 bracket_black: start (185s)
[E1:stride1] mpdd s1 K2 bracket_black: checkpointed (204s)
[E1:stride1] mpdd s1 K2 bracket_white: start (204s)
[E1:stride1] mpdd s1 K2 bracket_white: checkpointed (217s)
[E1:stride1] mpdd s1 K2: 13 methods (217s)
[E1:stride1] unit 6/12 done: mpdd_s1_k2 unit_ts=32s wall=217s
[E1:stride1] mpdd s1 K4 bracket_black: start (217s)
[E1:stride1] mpdd s1 K4 bracket_black: checkpointed (236s)
[E1:stride1] mpdd s1 K4 bracket_white: start (236s)
[E1:stride1] mpdd s1 K4 bracket_white: checkpointed (250s)
[E1:stride1] mpdd s1 K4: 13 methods (250s)
[E1:stride1] unit 7/12 done: mpdd_s1_k4 unit_ts=33s wall=250s
[E1:stride1] mpdd s1 K8 bracket_black: start (250s)
[E1:stride1] mpdd s1 K8 bracket_black: checkpointed (273s)
[E1:stride1] mpdd s1 K8 bracket_white: start (273s)
[E1:stride1] mpdd s1 K8 bracket_white: checkpointed (289s)
[E1:stride1] mpdd s1 K8: 13 methods (289s)
[E1:stride1] unit 8/12 done: mpdd_s1_k8 unit_ts=39s wall=289s
[E1:stride1] mpdd s2 K1 bracket_black: start (289s)
[E1:stride1] mpdd s2 K1 bracket_black: checkpointed (312s)
[E1:stride1] mpdd s2 K1 bracket_white: start (312s)
[E1:stride1] mpdd s2 K1 bracket_white: checkpointed (326s)
[E1:stride1] mpdd s2 K1: 13 methods (326s)
[E1:stride1] unit 9/12 done: mpdd_s2_k1 unit_ts=37s wall=326s
[E1:stride1] mpdd s2 K2 bracket_black: start (326s)
[E1:stride1] mpdd s2 K2 bracket_black: checkpointed (346s)
[E1:stride1] mpdd s2 K2 bracket_white: start (346s)
[E1:stride1] mpdd s2 K2 bracket_white: checkpointed (358s)
[E1:stride1] mpdd s2 K2: 13 methods (358s)
[E1:stride1] unit 10/12 done: mpdd_s2_k2 unit_ts=32s wall=358s
[E1:stride1] mpdd s2 K4 bracket_black: start (358s)
[E1:stride1] mpdd s2 K4 bracket_black: checkpointed (378s)
[E1:stride1] mpdd s2 K4 bracket_white: start (378s)
[E1:stride1] mpdd s2 K4 bracket_white: checkpointed (391s)
[E1:stride1] mpdd s2 K4: 13 methods (391s)
[E1:stride1] unit 11/12 done: mpdd_s2_k4 unit_ts=33s wall=391s
[E1:stride1] mpdd s2 K8 bracket_black: start (391s)
[E1:stride1] mpdd s2 K8 bracket_black: checkpointed (411s)
[E1:stride1] mpdd s2 K8 bracket_white: start (411s)
[E1:stride1] mpdd s2 K8 bracket_white: checkpointed (423s)
[E1:stride1] mpdd s2 K8: 13 methods (423s)
[E1:stride1] unit 12/12 done: mpdd_s2_k8 unit_ts=32s wall=423s
[E1:stride1] wrote D:\STUDY\My_github\reference-matching-interaction-ad\experiments\prereg_20260924\scratch\_t1_new for 12 units (423s)
