[E1:stride8] mpdd s0 K1 bracket_black: start (0s)
[E1:stride8] mpdd s0 K1 bracket_black: checkpointed (7s)
[E1:stride8] mpdd s0 K1 bracket_brown: start (7s)
[E1:stride8] mpdd s0 K1 bracket_brown: checkpointed (15s)
[E1:stride8] mpdd s0 K1 bracket_white: start (15s)
[E1:stride8] mpdd s0 K1 bracket_white: checkpointed (21s)
[E1:stride8] mpdd s0 K1 connector: start (21s)
[E1:stride8] mpdd s0 K1 connector: checkpointed (25s)
[E1:stride8] mpdd s0 K1 metal_plate: start (25s)
[E1:stride8] mpdd s0 K1 metal_plate: checkpointed (60s)
[E1:stride8] mpdd s0 K1 tubes: start (60s)
[E1:stride8] mpdd s0 K1 tubes: checkpointed (69s)
[E1:stride8] mpdd s0 K1: 13 methods (69s)
[E1:stride8] unit 1/12 done: mpdd_s0_k1 unit_ts=69s wall=69s
[E1:stride8] mpdd s0 K2 bracket_black: start (69s)
[E1:stride8] mpdd s0 K2 bracket_black: checkpointed (76s)
[E1:stride8] mpdd s0 K2 bracket_brown: start (76s)
[E1:stride8] mpdd s0 K2 bracket_brown: checkpointed (83s)
[E1:stride8] mpdd s0 K2 bracket_white: start (83s)
[E1:stride8] mpdd s0 K2 bracket_white: checkpointed (88s)
[E1:stride8] mpdd s0 K2 connector: start (88s)
[E1:stride8] mpdd s0 K2 connector: checkpointed (93s)
[E1:stride8] mpdd s0 K2 metal_plate: start (93s)
[E1:stride8] mpdd s0 K2 metal_plate: checkpointed (124s)
[E1:stride8] mpdd s0 K2 tubes: start (124s)
[E1:stride8] mpdd s0 K2 tubes: checkpointed (132s)
[E1:stride8] mpdd s0 K2: 13 methods (132s)
[E1:stride8] unit 2/12 done: mpdd_s0_k2 unit_ts=63s wall=132s
[E1:stride8] mpdd s0 K4 bracket_black: start (132s)
[E1:stride8] mpdd s0 K4 bracket_black: checkpointed (137s)
[E1:stride8] mpdd s0 K4 bracket_brown: start (137s)
[E1:stride8] mpdd s0 K4 bracket_brown: checkpointed (142s)
[E1:stride8] mpdd s0 K4 bracket_white: start (142s)
[E1:stride8] mpdd s0 K4 bracket_white: checkpointed (146s)
[E1:stride8] mpdd s0 K4 connector: start (146s)
[E1:stride8] mpdd s0 K4 connector: checkpointed (150s)
[E1:stride8] mpdd s0 K4 metal_plate: start (150s)
[E1:stride8] mpdd s0 K4 metal_plate: checkpointed (178s)
[E1:stride8] mpdd s0 K4 tubes: start (178s)
[E1:stride8] mpdd s0 K4 tubes: checkpointed (187s)
[E1:stride8] mpdd s0 K4: 13 methods (187s)
[E1:stride8] unit 3/12 done: mpdd_s0_k4 unit_ts=55s wall=187s
[E1:stride8] mpdd s0 K8 bracket_black: start (187s)
[E1:stride8] mpdd s0 K8 bracket_black: checkpointed (192s)
[E1:stride8] mpdd s0 K8 bracket_brown: start (192s)
[E1:stride8] mpdd s0 K8 bracket_brown: checkpointed (197s)
[E1:stride8] mpdd s0 K8 bracket_white: start (197s)
[E1:stride8] mpdd s0 K8 bracket_white: checkpointed (201s)
[E1:stride8] mpdd s0 K8 connector: start (201s)
[E1:stride8] mpdd s0 K8 connector: checkpointed (204s)
[E1:stride8] mpdd s0 K8 metal_plate: start (204s)
[E1:stride8] mpdd s0 K8 metal_plate: checkpointed (231s)
[E1:stride8] mpdd s0 K8 tubes: start (231s)
[E1:stride8] mpdd s0 K8 tubes: checkpointed (239s)
[E1:stride8] mpdd s0 K8: 13 methods (239s)
[E1:stride8] unit 4/12 done: mpdd_s0_k8 unit_ts=52s wall=239s
[E1:stride8] mpdd s1 K1 bracket_black: start (239s)
[E1:stride8] mpdd s1 K1 bracket_black: checkpointed (246s)
[E1:stride8] mpdd s1 K1 bracket_brown: start (246s)
[E1:stride8] mpdd s1 K1 bracket_brown: checkpointed (253s)
[E1:stride8] mpdd s1 K1 bracket_white: start (253s)
[E1:stride8] mpdd s1 K1 bracket_white: checkpointed (257s)
[E1:stride8] mpdd s1 K1 connector: start (257s)
[E1:stride8] mpdd s1 K1 connector: checkpointed (262s)
[E1:stride8] mpdd s1 K1 metal_plate: start (262s)
[E1:stride8] mpdd s1 K1 metal_plate: checkpointed (295s)
[E1:stride8] mpdd s1 K1 tubes: start (295s)
[E1:stride8] mpdd s1 K1 tubes: checkpointed (304s)
[E1:stride8] mpdd s1 K1: 13 methods (304s)
[E1:stride8] unit 5/12 done: mpdd_s1_k1 unit_ts=65s wall=304s
[E1:stride8] mpdd s1 K2 bracket_black: start (304s)
[E1:stride8] mpdd s1 K2 bracket_black: checkpointed (310s)
[E1:stride8] mpdd s1 K2 bracket_brown: start (310s)
[E1:stride8] mpdd s1 K2 bracket_brown: checkpointed (317s)
[E1:stride8] mpdd s1 K2 bracket_white: start (317s)
[E1:stride8] mpdd s1 K2 bracket_white: checkpointed (321s)
[E1:stride8] mpdd s1 K2 connector: start (321s)
[E1:stride8] mpdd s1 K2 connector: checkpointed (325s)
[E1:stride8] mpdd s1 K2 metal_plate: start (325s)
[E1:stride8] mpdd s1 K2 metal_plate: checkpointed (351s)
[E1:stride8] mpdd s1 K2 tubes: start (351s)
[E1:stride8] mpdd s1 K2 tubes: checkpointed (359s)
[E1:stride8] mpdd s1 K2: 13 methods (359s)
[E1:stride8] unit 6/12 done: mpdd_s1_k2 unit_ts=55s wall=359s
[E1:stride8] mpdd s1 K4 bracket_black: start (359s)
[E1:stride8] mpdd s1 K4 bracket_black: checkpointed (364s)
[E1:stride8] mpdd s1 K4 bracket_brown: start (364s)
[E1:stride8] mpdd s1 K4 bracket_brown: checkpointed (370s)
[E1:stride8] mpdd s1 K4 bracket_white: start (370s)
[E1:stride8] mpdd s1 K4 bracket_white: checkpointed (375s)
[E1:stride8] mpdd s1 K4 connector: start (375s)
[E1:stride8] mpdd s1 K4 connector: checkpointed (378s)
[E1:stride8] mpdd s1 K4 metal_plate: start (378s)
[E1:stride8] mpdd s1 K4 metal_plate: checkpointed (406s)
[E1:stride8] mpdd s1 K4 tubes: start (406s)
[E1:stride8] mpdd s1 K4 tubes: checkpointed (413s)
[E1:stride8] mpdd s1 K4: 13 methods (413s)
[E1:stride8] unit 7/12 done: mpdd_s1_k4 unit_ts=54s wall=413s
[E1:stride8] mpdd s1 K8 bracket_black: start (413s)
[E1:stride8] mpdd s1 K8 bracket_black: checkpointed (418s)
[E1:stride8] mpdd s1 K8 bracket_brown: start (418s)
[E1:stride8] mpdd s1 K8 bracket_brown: checkpointed (423s)
[E1:stride8] mpdd s1 K8 bracket_white: start (423s)
[E1:stride8] mpdd s1 K8 bracket_white: checkpointed (426s)
[E1:stride8] mpdd s1 K8 connector: start (426s)
[E1:stride8] mpdd s1 K8 connector: checkpointed (429s)
[E1:stride8] mpdd s1 K8 metal_plate: start (429s)
[E1:stride8] mpdd s1 K8 metal_plate: checkpointed (455s)
[E1:stride8] mpdd s1 K8 tubes: start (455s)
[E1:stride8] mpdd s1 K8 tubes: checkpointed (462s)
[E1:stride8] mpdd s1 K8: 13 methods (462s)
[E1:stride8] unit 8/12 done: mpdd_s1_k8 unit_ts=48s wall=462s
[E1:stride8] mpdd s2 K1 bracket_black: start (462s)
[E1:stride8] mpdd s2 K1 bracket_black: checkpointed (466s)
[E1:stride8] mpdd s2 K1 bracket_brown: start (466s)
[E1:stride8] mpdd s2 K1 bracket_brown: checkpointed (471s)
[E1:stride8] mpdd s2 K1 bracket_white: start (471s)
[E1:stride8] mpdd s2 K1 bracket_white: checkpointed (475s)
[E1:stride8] mpdd s2 K1 connector: start (475s)
[E1:stride8] mpdd s2 K1 connector: checkpointed (478s)
[E1:stride8] mpdd s2 K1 metal_plate: start (478s)
[E1:stride8] mpdd s2 K1 metal_plate: checkpointed (504s)
[E1:stride8] mpdd s2 K1 tubes: start (504s)
[E1:stride8] mpdd s2 K1 tubes: checkpointed (511s)
[E1:stride8] mpdd s2 K1: 13 methods (511s)
[E1:stride8] unit 9/12 done: mpdd_s2_k1 unit_ts=49s wall=511s
[E1:stride8] mpdd s2 K2 bracket_black: start (511s)
[E1:stride8] mpdd s2 K2 bracket_black: checkpointed (515s)
[E1:stride8] mpdd s2 K2 bracket_brown: start (515s)
[E1:stride8] mpdd s2 K2 bracket_brown: checkpointed (520s)
[E1:stride8] mpdd s2 K2 bracket_white: start (520s)
[E1:stride8] mpdd s2 K2 bracket_white: checkpointed (524s)
[E1:stride8] mpdd s2 K2 connector: start (524s)
[E1:stride8] mpdd s2 K2 connector: checkpointed (527s)
[E1:stride8] mpdd s2 K2 metal_plate: start (527s)
[E1:stride8] mpdd s2 K2 metal_plate: checkpointed (553s)
[E1:stride8] mpdd s2 K2 tubes: start (553s)
[E1:stride8] mpdd s2 K2 tubes: checkpointed (561s)
[E1:stride8] mpdd s2 K2: 13 methods (561s)
[E1:stride8] unit 10/12 done: mpdd_s2_k2 unit_ts=50s wall=561s
[E1:stride8] mpdd s2 K4 bracket_black: start (561s)
[E1:stride8] mpdd s2 K4 bracket_black: checkpointed (566s)
[E1:stride8] mpdd s2 K4 bracket_brown: start (566s)
[E1:stride8] mpdd s2 K4 bracket_brown: checkpointed (572s)
[E1:stride8] mpdd s2 K4 bracket_white: start (572s)
[E1:stride8] mpdd s2 K4 bracket_white: checkpointed (575s)
[E1:stride8] mpdd s2 K4 connector: start (575s)
[E1:stride8] mpdd s2 K4 connector: checkpointed (579s)
[E1:stride8] mpdd s2 K4 metal_plate: start (579s)
[E1:stride8] mpdd s2 K4 metal_plate: checkpointed (604s)
[E1:stride8] mpdd s2 K4 tubes: start (604s)
[E1:stride8] mpdd s2 K4 tubes: checkpointed (611s)
[E1:stride8] mpdd s2 K4: 13 methods (611s)
[E1:stride8] unit 11/12 done: mpdd_s2_k4 unit_ts=50s wall=611s
[E1:stride8] mpdd s2 K8 bracket_black: start (611s)
[E1:stride8] mpdd s2 K8 bracket_black: checkpointed (616s)
[E1:stride8] mpdd s2 K8 bracket_brown: start (616s)
[E1:stride8] mpdd s2 K8 bracket_brown: checkpointed (621s)
[E1:stride8] mpdd s2 K8 bracket_white: start (621s)
[E1:stride8] mpdd s2 K8 bracket_white: checkpointed (624s)
[E1:stride8] mpdd s2 K8 connector: start (624s)
[E1:stride8] mpdd s2 K8 connector: checkpointed (627s)
[E1:stride8] mpdd s2 K8 metal_plate: start (627s)
[E1:stride8] mpdd s2 K8 metal_plate: checkpointed (652s)
[E1:stride8] mpdd s2 K8 tubes: start (652s)
[E1:stride8] mpdd s2 K8 tubes: checkpointed (659s)
[E1:stride8] mpdd s2 K8: 13 methods (659s)
[E1:stride8] unit 12/12 done: mpdd_s2_k8 unit_ts=48s wall=659s
[E1:stride8] wrote D:\STUDY\My_github\reference-matching-interaction-ad\experiments\prereg_20260924\scratch\E1_stride8_regress_new for 12 units (660s)
