.venv-anomalyclip\Scripts\python.exe : D:\STUDY\My_github\sci_project\.venv-anomalyclip\lib\site-packages\scipy\__init_
_.py:155: UserWarning: A NumPy version >=1.18.5 and <1.25.0 is required for this version of SciPy (detected version 1.2
6.4
At line:15 char:2459
+ ... pgrep\bin'; .venv-anomalyclip\Scripts\python.exe -u experiments\prere ...
+                 ~~~~~~~~~~~~~~~~~~~~~~~~~~~~~~~~~~~~~~~~~~~~~~~~~~~~~~~~~
    + CategoryInfo          : NotSpecified: (D:\STUDY\My_git... version 1.26.4:String) [], RemoteException
    + FullyQualifiedErrorId : NativeCommandError
 
  warnings.warn(f"A NumPy version >={np_minversion} and <{np_maxversion}"
baseline peak=367.4 MiB
mpdd bracket_black  n_img= 79 grid=(32, 32) n_grid=   13877 t_method=   1.59s (profile   1.03 + pool   0.55)  peak=   725.0 MiB ws=   387.5 MiB
mpdd bracket_brown  n_img= 77 grid=(32, 32) n_grid=   70463 t_method=   3.80s (profile   1.01 + pool   2.78)  peak=   725.0 MiB ws=   388.9 MiB
mpdd bracket_white  n_img= 60 grid=(32, 32) n_grid=    3468 t_method=   0.95s (profile   0.82 + pool   0.13)  peak=   725.0 MiB ws=   386.5 MiB
mpdd connector      n_img= 44 grid=(32, 32) n_grid=   48054 t_method=   2.35s (profile   0.60 + pool   1.75)  peak=   725.0 MiB ws=   384.3 MiB
mpdd metal_plate    n_img= 97 grid=(32, 32) n_grid= 2133926 t_method=  91.10s (profile   1.34 + pool  89.76)  peak=   756.8 MiB ws=   393.2 MiB
mpdd tubes          n_img=101 grid=(32, 32) n_grid=  164063 t_method=   7.87s (profile   1.33 + pool   6.54)  peak=   756.8 MiB ws=   396.2 MiB
btad 01             n_img= 70 grid=(32, 32) n_grid=  452493 t_method=  18.32s (profile   0.96 + pool  17.35)  peak=   756.8 MiB ws=   390.7 MiB
btad 02             n_img=230 grid=(32, 32) n_grid= 2062643 t_method=  97.98s (profile   3.04 + pool  94.94)  peak=   923.6 MiB ws=   420.0 MiB
btad 03             n_img=441 grid=(32, 42) n_grid=  237785 t_method=  21.61s (profile   7.59 + pool  14.02)  peak=  1492.7 MiB ws=   490.0 MiB

  est unit mpdd_s0_k1 =   1399.5s
  est unit mpdd_s0_k2 =   1399.5s
  est unit mpdd_s0_k4 =   1399.5s
  est unit mpdd_s0_k8 =   1399.5s
  est unit mpdd_s1_k1 =   1399.5s
  est unit mpdd_s1_k2 =   1399.5s
  est unit mpdd_s1_k4 =   1399.5s
  est unit mpdd_s1_k8 =   1399.5s
  est unit mpdd_s2_k1 =   1399.5s
  est unit mpdd_s2_k2 =   1399.5s
  est unit mpdd_s2_k4 =   1399.5s
  est unit mpdd_s2_k8 =   1399.5s
  est unit btad_s0_k1 =   1792.7s
  est unit btad_s0_k2 =   1792.7s
  est unit btad_s0_k4 =   1792.7s
  est unit btad_s0_k8 =   1792.7s
  est unit btad_s1_k1 =   1792.7s
  est unit btad_s1_k2 =   1792.7s
  est unit btad_s1_k4 =   1792.7s
  est unit btad_s1_k8 =   1792.7s

est serial (stride 1, 1000 replicates, chunk 4096):
  mpdd 12 units x 1399s = 16794s
  btad 8 units x 1793s = 14342s
  TOTAL 31136s = 8.65 h
  peak working set over the probe = 1492.7 MiB
wrote D:\STUDY\My_github\reference-matching-interaction-ad\experiments\prereg_20260924\scratch\unit_time_probe.json
