concurrent.futures.process._RemoteTraceback: 
"""
Traceback (most recent call last):
  File "D:\Program Files\python\lib\concurrent\futures\process.py", line 246, in _process_worker
    r = call_item.fn(*call_item.args, **call_item.kwargs)
  File "D:\STUDY\My_github\sci_project\scripts\unified_fusion_paper_support_v1\stats_v2.py", line 261, in worker
    return bootstrap_group(**payload)
  File "D:\STUDY\My_github\sci_project\scripts\unified_fusion_paper_support_v1\stats_v2.py", line 221, in bootstrap_group
    values = replicate_metrics(structures, idx_map, dataset, weights_map)
  File "D:\STUDY\My_github\sci_project\scripts\unified_fusion_paper_support_v1\stats_v2.py", line 194, in replicate_metrics
    p_auroc, p_ap = weighted_auroc_ap(group_total, group_pos)
  File "D:\STUDY\My_github\sci_project\scripts\unified_fusion_paper_support_v1\stats_v2.py", line 104, in weighted_auroc_ap
    counts = np.cumsum(gt[::-1])
  File "D:\STUDY\My_github\sci_project\.venv-anomalyclip\lib\site-packages\numpy\core\fromnumeric.py", line 2586, in cumsum
    return _wrapfunc(a, 'cumsum', axis=axis, dtype=dtype, out=out)
  File "D:\STUDY\My_github\sci_project\.venv-anomalyclip\lib\site-packages\numpy\core\fromnumeric.py", line 59, in _wrapfunc
    return bound(*args, **kwds)
numpy.core._exceptions._ArrayMemoryError: Unable to allocate 3.68 MiB for an array with shape (482602,) and data type float64
"""

The above exception was the direct cause of the following exception:

Traceback (most recent call last):
  File "D:\STUDY\My_github\sci_project\scripts\unified_fusion_paper_support_v1\stats_v2.py", line 578, in <module>
    raise SystemExit(main())
  File "D:\STUDY\My_github\sci_project\scripts\unified_fusion_paper_support_v1\stats_v2.py", line 362, in main
    results[key] = future.result()
  File "D:\Program Files\python\lib\concurrent\futures\_base.py", line 451, in result
    return self.__get_result()
  File "D:\Program Files\python\lib\concurrent\futures\_base.py", line 403, in __get_result
    raise self._exception
numpy.core._exceptions._ArrayMemoryError: Unable to allocate 3.68 MiB for an array with shape (482602,) and data type float64
